Some description of the awesome code:

<?php
@testo Testo\Examples\Hello world {
echo 'hello world!';
@testo 1abb62086e2cc233ede1e19de3a8e5f6 }
?>